<html>
<body>
<pre>
<h1>µVision Build Log</h1>
<h2>Tool Versions:</h2>
IDE-Version: µVision V5.31.0.0
Copyright (C) 2020 ARM Ltd and ARM Germany GmbH. All rights reserved.
License Information: Rohan Arshid, N/A, LIC=----
 
Tool Versions:
Toolchain:       MDK-Lite  Version: 5.31.0.0
Toolchain Path:  C:\Keil_v5\ARM\ARMCC\Bin
C Compiler:      Armcc.exe V5.06 update 6 (build 750)
Assembler:       Armasm.exe V5.06 update 6 (build 750)
Linker/Locator:  ArmLink.exe V5.06 update 6 (build 750)
Library Manager: ArmAr.exe V5.06 update 6 (build 750)
Hex Converter:   FromElf.exe V5.06 update 6 (build 750)
CPU DLL:         SARMCM3.DLL V5.31.0.0
Dialog DLL:      DCM.DLL V1.17.3.0
Target DLL:      UL2CM3.DLL V1.163.4.0
Dialog DLL:      TCM.DLL V1.46.0.0
 
<h2>Project:</h2>
D:\Electrical Engineering\semester 5\Microprocessor Systems Lab\Project\Project.uvprojx
Project File Date:  04/10/2021

<h2>Output:</h2>
*** Using Compiler 'V5.06 update 6 (build 750)', folder: 'C:\Keil_v5\ARM\ARMCC\Bin'
Rebuild target 'Target 1'
assembling startup_TM4C123.s...
compiling keypad.c...
compiling Flash.c...
compiling project.c...
liquidcrystal.h(25): warning:  #1-D: last line of file ends without a newline
  #endif
keypad.h(7): warning:  #1-D: last line of file ends without a newline
  #endif
baseN.h(5): warning:  #1295-D: Deprecated declaration oct_to_bin - give arg types
  void oct_to_bin();
baseN.h(6): warning:  #1295-D: Deprecated declaration bin_to_oct - give arg types
  void bin_to_oct();
baseN.h(7): warning:  #1295-D: Deprecated declaration bin_to_hex - give arg types
  void bin_to_hex();
baseN.h(8): warning:  #1295-D: Deprecated declaration oct_to_hex - give arg types
  void oct_to_hex();
baseN.h(10): warning:  #1295-D: Deprecated declaration oct_to_dec - give arg types
  int oct_to_dec();
baseN.h(11): warning:  #1295-D: Deprecated declaration bin_to_dec - give arg types
  int bin_to_dec();
baseN.h(15): warning:  #1-D: last line of file ends without a newline
  #endif
project.c(321): warning:  #111-D: statement is unreachable
  			break;
project.c: 10 warnings, 0 errors
compiling liquidcrystal.c...
compiling baseN.c...
liquidcrystal.h(25): warning:  #1-D: last line of file ends without a newline
  #endif
keypad.h(7): warning:  #1-D: last line of file ends without a newline
  #endif
baseN.h(5): warning:  #1295-D: Deprecated declaration oct_to_bin - give arg types
  void oct_to_bin();
baseN.h(6): warning:  #1295-D: Deprecated declaration bin_to_oct - give arg types
  void bin_to_oct();
baseN.h(7): warning:  #1295-D: Deprecated declaration bin_to_hex - give arg types
  void bin_to_hex();
baseN.h(8): warning:  #1295-D: Deprecated declaration oct_to_hex - give arg types
  void oct_to_hex();
baseN.h(10): warning:  #1295-D: Deprecated declaration oct_to_dec - give arg types
  int oct_to_dec();
baseN.h(11): warning:  #1295-D: Deprecated declaration bin_to_dec - give arg types
  int bin_to_dec();
baseN.h(15): warning:  #1-D: last line of file ends without a newline
  #endif
baseN.c(8): warning:  #177-D: variable "j"  was declared but never referenced
  	 int disp[20],i=0,j=0;
baseN.c(34): warning:  #177-D: variable "j"  was declared but never referenced
  	 int i=0,j=0;
baseN.c(56): warning:  #177-D: variable "j"  was declared but never referenced
  	int bin_value=0,j=0;
baseN.c(91): warning:  #177-D: variable "j"  was declared but never referenced
  	 int oct_value=0,j=0;
baseN.c(123): warning:  #177-D: variable "k"  was declared but never referenced
  	int i,j=0,k=0;
baseN.c(154): warning:  #177-D: variable "i"  was declared but never referenced
  	int num,i=0,j=0;
baseN.c(154): warning:  #177-D: variable "j"  was declared but never referenced
  	int num,i=0,j=0;
baseN.c(168): warning:  #177-D: variable "i"  was declared but never referenced
  	int num,i=0,j=0;
baseN.c(168): warning:  #177-D: variable "j"  was declared but never referenced
  	int num,i=0,j=0;
baseN.c(179): warning:  #177-D: variable "i"  was declared but never referenced
  	int num,i=0,j=0;
baseN.c(179): warning:  #177-D: variable "j"  was declared but never referenced
  	int num,i=0,j=0;
baseN.c(194): warning:  #177-D: variable "i"  was declared but never referenced
  	int num,i=0,j=0;
baseN.c(194): warning:  #177-D: variable "j"  was declared but never referenced
  	int num,i=0,j=0;
baseN.c(273): warning:  #177-D: variable "i"  was declared but never referenced
  	 int i=0;
baseN.c(316): warning:  #177-D: variable "i"  was declared but never referenced
  		int i=0;
baseN.c(208): warning:  #550-D: variable "i"  was set but never used
  	int i=0;
baseN.c: 25 warnings, 0 errors
compiling system_TM4C123.c...
linking...
Program Size: Code=4700 RO-data=680 RW-data=4 ZI-data=612  
".\Objects\test.axf" - 0 Error(s), 35 Warning(s).

<h2>Software Packages used:</h2>

Package Vendor: ARM
                http://www.keil.com/pack/ARM.CMSIS.5.7.0.pack
                ARM.CMSIS.5.7.0
                CMSIS (Cortex Microcontroller Software Interface Standard)
   * Component: CORE Version: 5.4.0

Package Vendor: Keil
                http://www.keil.com/pack/Keil.TM4C_DFP.1.1.0.pack
                Keil.TM4C_DFP.1.1.0
                Texas Instruments Tiva C Series Device Support and Examples
   * Component: Startup Version: 1.0.1

<h2>Collection of Component include folders:</h2>
  .\RTE\_Target_1
  C:\Users\arsha\AppData\Local\Arm\Packs\ARM\CMSIS\5.7.0\CMSIS\Core\Include
  C:\Users\arsha\AppData\Local\Arm\Packs\Keil\TM4C_DFP\1.1.0\Device\Include\TM4C123

<h2>Collection of Component Files used:</h2>

   * Component: ARM::CMSIS:CORE:5.4.0

   * Component: Keil::Device:Startup:1.0.1
      Source file:   Device\Source\system_TM4C123.c
      Include file:  Device\Include\TM4C123\TM4C123.h
      Source file:   Device\Source\ARM\startup_TM4C123.s
Build Time Elapsed:  00:00:05
</pre>
</body>
</html>
